<testsuites id="" name="" tests="12" failures="6" skipped="1" errors="0" time="50.304583">
<testsuite name="auth.test.ts" timestamp="2025-05-30T01:58:54.426Z" hostname="chromium" tests="12" failures="6" skipped="1" time="155.172" errors="0">
<testcase name="Authentication &amp; Client Context › Demo Mode › should load homepage without authentication in demo mode" classname="auth.test.ts" time="1.354">
</testcase>
<testcase name="Authentication &amp; Client Context › Demo Mode › should navigate through app without authentication in demo mode" classname="auth.test.ts" time="0.276">
<properties>
<property name="skip" value="">
</property>
</properties>
<skipped>
</skipped>
</testcase>
<testcase name="Authentication &amp; Client Context › Authentication Flow › should show login page for unauthenticated users" classname="auth.test.ts" time="1.605">
</testcase>
<testcase name="Authentication &amp; Client Context › Authentication Flow › should handle login with valid credentials" classname="auth.test.ts" time="2.126">
</testcase>
<testcase name="Authentication &amp; Client Context › Authentication Flow › should handle login with invalid credentials" classname="auth.test.ts" time="1.502">
</testcase>
<testcase name="Authentication &amp; Client Context › Authentication Flow › should handle logout" classname="auth.test.ts" time="21.473">
<failure message="auth.test.ts:121:9 should handle logout" type="FAILURE">
<![CDATA[  [chromium] › auth.test.ts:121:9 › Authentication & Client Context › Authentication Flow › should handle logout 

    TimeoutError: page.waitForURL: Timeout 20000ms exceeded.
    =========================== logs ===========================
    waiting for navigation to "**/login" until "load"
    ============================================================

       at helpers/auth-helper.ts:59

      57 |     
      58 |     // Wait for redirect to login page with longer timeout
    > 59 |     await this.page.waitForURL('**/login', { timeout: 20000 });
         |                     ^
      60 |   }
      61 |
      62 |   async ensureLoggedIn(email?: string, password?: string) {
        at AuthHelper.logout (/Users/thomasdowuona-hyde/AIRWAVE_0525_CODEX/tests/e2e/helpers/auth-helper.ts:59:21)
        at /Users/thomasdowuona-hyde/AIRWAVE_0525_CODEX/tests/e2e/auth.test.ts:129:9

    attachment #1: screenshot (image/png) ──────────────────────────────────────────────────────────
    test-results/auth-Authentication-Client-329ea-n-Flow-should-handle-logout-chromium/test-failed-1.png
    ────────────────────────────────────────────────────────────────────────────────────────────────

    attachment #2: video (video/webm) ──────────────────────────────────────────────────────────────
    test-results/auth-Authentication-Client-329ea-n-Flow-should-handle-logout-chromium/video.webm
    ────────────────────────────────────────────────────────────────────────────────────────────────

    Error Context: ../../test-results/auth-Authentication-Client-329ea-n-Flow-should-handle-logout-chromium/error-context.md
]]>
</failure>
<system-out>
<![CDATA[
[[ATTACHMENT|auth-Authentication-Client-329ea-n-Flow-should-handle-logout-chromium/test-failed-1.png]]

[[ATTACHMENT|auth-Authentication-Client-329ea-n-Flow-should-handle-logout-chromium/video.webm]]

[[ATTACHMENT|auth-Authentication-Client-329ea-n-Flow-should-handle-logout-chromium/error-context.md]]
]]>
</system-out>
</testcase>
<testcase name="Authentication &amp; Client Context › Client Context Management › should display client selector after authentication" classname="auth.test.ts" time="13.408">
<failure message="auth.test.ts:145:9 should display client selector after authentication" type="FAILURE">
<![CDATA[  [chromium] › auth.test.ts:145:9 › Authentication & Client Context › Client Context Management › should display client selector after authentication 

    Error: Timed out 10000ms waiting for expect(locator).toBeVisible()

    Locator: locator('[data-testid="selected-client"]')
    Expected: visible
    Received: <element(s) not found>
    Call log:
      - expect.toBeVisible with timeout 10000ms
      - waiting for locator('[data-testid="selected-client"]')


      148 |       
      149 |       // Should show selected client name
    > 150 |       await expect(authenticatedPage.locator('[data-testid="selected-client"]')).toBeVisible();
          |                                                                                  ^
      151 |       
      152 |       await authenticatedPage.screenshot({ path: 'test-results/client-selector.png' });
      153 |     });
        at /Users/thomasdowuona-hyde/AIRWAVE_0525_CODEX/tests/e2e/auth.test.ts:150:82

    attachment #1: screenshot (image/png) ──────────────────────────────────────────────────────────
    test-results/auth-Authentication-Client-1c2da-lector-after-authentication-chromium/test-failed-1.png
    ────────────────────────────────────────────────────────────────────────────────────────────────

    attachment #2: video (video/webm) ──────────────────────────────────────────────────────────────
    test-results/auth-Authentication-Client-1c2da-lector-after-authentication-chromium/video.webm
    ────────────────────────────────────────────────────────────────────────────────────────────────

    Error Context: ../../test-results/auth-Authentication-Client-1c2da-lector-after-authentication-chromium/error-context.md
]]>
</failure>
<system-out>
<![CDATA[
[[ATTACHMENT|auth-Authentication-Client-1c2da-lector-after-authentication-chromium/test-failed-1.png]]

[[ATTACHMENT|auth-Authentication-Client-1c2da-lector-after-authentication-chromium/video.webm]]

[[ATTACHMENT|auth-Authentication-Client-1c2da-lector-after-authentication-chromium/error-context.md]]
]]>
</system-out>
</testcase>
<testcase name="Authentication &amp; Client Context › Client Context Management › should allow client switching" classname="auth.test.ts" time="33.549">
<failure message="auth.test.ts:155:9 should allow client switching" type="FAILURE">
<![CDATA[  [chromium] › auth.test.ts:155:9 › Authentication & Client Context › Client Context Management › should allow client switching 

    TimeoutError: page.click: Timeout 30000ms exceeded.
    Call log:
      - waiting for locator('[data-testid="client-selector"]')
        - locator resolved to <div tabindex="0" role="button" data-testid="client-selector" class="MuiButtonBase-root MuiChip-root MuiChip-outlined MuiChip-sizeMedium MuiChip-colorDefault MuiChip-clickable MuiChip-clickableColorDefault MuiChip-deletable MuiChip-deletableColorDefault MuiChip-outlinedDefault css-d01nni-MuiButtonBase-root-MuiChip-root">…</div>
      - attempting click action
        2 × waiting for element to be visible, enabled and stable
          - element is visible, enabled and stable
          - scrolling into view if needed
          - done scrolling
          - <nextjs-portal></nextjs-portal> intercepts pointer events
        - retrying click action
        - waiting 20ms
        2 × waiting for element to be visible, enabled and stable
          - element is visible, enabled and stable
          - scrolling into view if needed
          - done scrolling
          - <nextjs-portal></nextjs-portal> intercepts pointer events
        - retrying click action
          - waiting 100ms
        58 × waiting for element to be visible, enabled and stable
           - element is visible, enabled and stable
           - scrolling into view if needed
           - done scrolling
           - <nextjs-portal></nextjs-portal> intercepts pointer events
         - retrying click action
           - waiting 500ms


      155 |     test('should allow client switching', async ({ authenticatedPage, authHelper }) => {
      156 |       // Open client selector dropdown
    > 157 |       await authenticatedPage.click('[data-testid="client-selector"]');
          |                               ^
      158 |       
      159 |       // Should show client options
      160 |       await expect(authenticatedPage.locator('[data-testid="client-option"]')).toHaveCount.greaterThan(0);
        at /Users/thomasdowuona-hyde/AIRWAVE_0525_CODEX/tests/e2e/auth.test.ts:157:31

    attachment #1: screenshot (image/png) ──────────────────────────────────────────────────────────
    test-results/auth-Authentication-Client-bb708-ould-allow-client-switching-chromium/test-failed-1.png
    ────────────────────────────────────────────────────────────────────────────────────────────────

    attachment #2: video (video/webm) ──────────────────────────────────────────────────────────────
    test-results/auth-Authentication-Client-bb708-ould-allow-client-switching-chromium/video.webm
    ────────────────────────────────────────────────────────────────────────────────────────────────

    Error Context: ../../test-results/auth-Authentication-Client-bb708-ould-allow-client-switching-chromium/error-context.md
]]>
</failure>
<system-out>
<![CDATA[
[[ATTACHMENT|auth-Authentication-Client-bb708-ould-allow-client-switching-chromium/test-failed-1.png]]

[[ATTACHMENT|auth-Authentication-Client-bb708-ould-allow-client-switching-chromium/video.webm]]

[[ATTACHMENT|auth-Authentication-Client-bb708-ould-allow-client-switching-chromium/error-context.md]]
]]>
</system-out>
</testcase>
<testcase name="Authentication &amp; Client Context › Client Context Management › should persist client selection across page navigation" classname="auth.test.ts" time="33.793">
<failure message="auth.test.ts:181:9 should persist client selection across page navigation" type="FAILURE">
<![CDATA[  [chromium] › auth.test.ts:181:9 › Authentication & Client Context › Client Context Management › should persist client selection across page navigation 

    TimeoutError: page.click: Timeout 30000ms exceeded.
    Call log:
      - waiting for locator('[data-testid="client-selector"]')
        - locator resolved to <div tabindex="0" role="button" data-testid="client-selector" class="MuiButtonBase-root MuiChip-root MuiChip-outlined MuiChip-sizeMedium MuiChip-colorDefault MuiChip-clickable MuiChip-clickableColorDefault MuiChip-deletable MuiChip-deletableColorDefault MuiChip-outlinedDefault css-d01nni-MuiButtonBase-root-MuiChip-root">…</div>
      - attempting click action
        2 × waiting for element to be visible, enabled and stable
          - element is visible, enabled and stable
          - scrolling into view if needed
          - done scrolling
          - <nextjs-portal></nextjs-portal> intercepts pointer events
        - retrying click action
        - waiting 20ms
        2 × waiting for element to be visible, enabled and stable
          - element is visible, enabled and stable
          - scrolling into view if needed
          - done scrolling
          - <nextjs-portal></nextjs-portal> intercepts pointer events
        - retrying click action
          - waiting 100ms
        58 × waiting for element to be visible, enabled and stable
           - element is visible, enabled and stable
           - scrolling into view if needed
           - done scrolling
           - <nextjs-portal></nextjs-portal> intercepts pointer events
         - retrying click action
           - waiting 500ms


       at helpers/auth-helper.ts:79

      77 |     
      78 |     // Click client selector
    > 79 |     await this.page.click('[data-testid="client-selector"]');
         |                     ^
      80 |     
      81 |     // Wait for dropdown to open
      82 |     await this.page.waitForSelector('[data-testid="client-option"]', { timeout: 5000 });
        at AuthHelper.selectClient (/Users/thomasdowuona-hyde/AIRWAVE_0525_CODEX/tests/e2e/helpers/auth-helper.ts:79:21)
        at /Users/thomasdowuona-hyde/AIRWAVE_0525_CODEX/tests/e2e/auth.test.ts:183:7

    attachment #1: screenshot (image/png) ──────────────────────────────────────────────────────────
    test-results/auth-Authentication-Client-78b6d-tion-across-page-navigation-chromium/test-failed-1.png
    ────────────────────────────────────────────────────────────────────────────────────────────────

    attachment #2: video (video/webm) ──────────────────────────────────────────────────────────────
    test-results/auth-Authentication-Client-78b6d-tion-across-page-navigation-chromium/video.webm
    ────────────────────────────────────────────────────────────────────────────────────────────────

    Error Context: ../../test-results/auth-Authentication-Client-78b6d-tion-across-page-navigation-chromium/error-context.md
]]>
</failure>
<system-out>
<![CDATA[
[[ATTACHMENT|auth-Authentication-Client-78b6d-tion-across-page-navigation-chromium/test-failed-1.png]]

[[ATTACHMENT|auth-Authentication-Client-78b6d-tion-across-page-navigation-chromium/video.webm]]

[[ATTACHMENT|auth-Authentication-Client-78b6d-tion-across-page-navigation-chromium/error-context.md]]
]]>
</system-out>
</testcase>
<testcase name="Authentication &amp; Client Context › Client Context Management › should show client-specific data isolation" classname="auth.test.ts" time="32.334">
<failure message="auth.test.ts:202:9 should show client-specific data isolation" type="FAILURE">
<![CDATA[  [chromium] › auth.test.ts:202:9 › Authentication & Client Context › Client Context Management › should show client-specific data isolation 

    TimeoutError: page.click: Timeout 30000ms exceeded.
    Call log:
      - waiting for locator('[data-testid="client-selector"]')
        - locator resolved to <div tabindex="0" role="button" data-testid="client-selector" class="MuiButtonBase-root MuiChip-root MuiChip-outlined MuiChip-sizeMedium MuiChip-colorDefault MuiChip-clickable MuiChip-clickableColorDefault MuiChip-deletable MuiChip-deletableColorDefault MuiChip-outlinedDefault css-d01nni-MuiButtonBase-root-MuiChip-root">…</div>
      - attempting click action
        2 × waiting for element to be visible, enabled and stable
          - element is visible, enabled and stable
          - scrolling into view if needed
          - done scrolling
          - <nextjs-portal></nextjs-portal> intercepts pointer events
        - retrying click action
        - waiting 20ms
        2 × waiting for element to be visible, enabled and stable
          - element is visible, enabled and stable
          - scrolling into view if needed
          - done scrolling
          - <nextjs-portal></nextjs-portal> intercepts pointer events
        - retrying click action
          - waiting 100ms
        58 × waiting for element to be visible, enabled and stable
           - element is visible, enabled and stable
           - scrolling into view if needed
           - done scrolling
           - <nextjs-portal></nextjs-portal> intercepts pointer events
         - retrying click action
           - waiting 500ms


       at helpers/auth-helper.ts:79

      77 |     
      78 |     // Click client selector
    > 79 |     await this.page.click('[data-testid="client-selector"]');
         |                     ^
      80 |     
      81 |     // Wait for dropdown to open
      82 |     await this.page.waitForSelector('[data-testid="client-option"]', { timeout: 5000 });
        at AuthHelper.selectClient (/Users/thomasdowuona-hyde/AIRWAVE_0525_CODEX/tests/e2e/helpers/auth-helper.ts:79:21)
        at /Users/thomasdowuona-hyde/AIRWAVE_0525_CODEX/tests/e2e/auth.test.ts:206:7

    attachment #1: screenshot (image/png) ──────────────────────────────────────────────────────────
    test-results/auth-Authentication-Client-92016-ent-specific-data-isolation-chromium/test-failed-1.png
    ────────────────────────────────────────────────────────────────────────────────────────────────

    attachment #2: video (video/webm) ──────────────────────────────────────────────────────────────
    test-results/auth-Authentication-Client-92016-ent-specific-data-isolation-chromium/video.webm
    ────────────────────────────────────────────────────────────────────────────────────────────────

    Error Context: ../../test-results/auth-Authentication-Client-92016-ent-specific-data-isolation-chromium/error-context.md
]]>
</failure>
<system-out>
<![CDATA[
[[ATTACHMENT|auth-Authentication-Client-92016-ent-specific-data-isolation-chromium/test-failed-1.png]]

[[ATTACHMENT|auth-Authentication-Client-92016-ent-specific-data-isolation-chromium/video.webm]]

[[ATTACHMENT|auth-Authentication-Client-92016-ent-specific-data-isolation-chromium/error-context.md]]
]]>
</system-out>
</testcase>
<testcase name="Authentication &amp; Client Context › Session Management › should handle session expiry gracefully" classname="auth.test.ts" time="11.515">
<failure message="auth.test.ts:239:9 should handle session expiry gracefully" type="FAILURE">
<![CDATA[  [chromium] › auth.test.ts:239:9 › Authentication & Client Context › Session Management › should handle session expiry gracefully 

    Error: Timed out 10000ms waiting for expect(locator).toHaveURL(expected)

    Locator: locator(':root')
    Expected pattern: /.*\/login/
    Received string:  "http://localhost:3000/assets"
    Call log:
      - expect.toHaveURL with timeout 10000ms
      - waiting for locator(':root')
        14 × locator resolved to <html>…</html>
           - unexpected value "http://localhost:3000/assets"


      254 |         
      255 |         // Should redirect to login
    > 256 |         await expect(page).toHaveURL(/.*\/login/);
          |                            ^
      257 |         
      258 |         // Should show session expired message (if implemented)
      259 |         // await expect(page.locator('[data-testid="session-expired-message"]')).toBeVisible();
        at /Users/thomasdowuona-hyde/AIRWAVE_0525_CODEX/tests/e2e/auth.test.ts:256:28

    attachment #1: screenshot (image/png) ──────────────────────────────────────────────────────────
    test-results/auth-Authentication-Client-aab26-e-session-expiry-gracefully-chromium/test-failed-1.png
    ────────────────────────────────────────────────────────────────────────────────────────────────

    attachment #2: video (video/webm) ──────────────────────────────────────────────────────────────
    test-results/auth-Authentication-Client-aab26-e-session-expiry-gracefully-chromium/video.webm
    ────────────────────────────────────────────────────────────────────────────────────────────────

    Error Context: ../../test-results/auth-Authentication-Client-aab26-e-session-expiry-gracefully-chromium/error-context.md
]]>
</failure>
<system-out>
<![CDATA[
[[ATTACHMENT|auth-Authentication-Client-aab26-e-session-expiry-gracefully-chromium/test-failed-1.png]]

[[ATTACHMENT|auth-Authentication-Client-aab26-e-session-expiry-gracefully-chromium/video.webm]]

[[ATTACHMENT|auth-Authentication-Client-aab26-e-session-expiry-gracefully-chromium/error-context.md]]
]]>
</system-out>
</testcase>
<testcase name="Authentication &amp; Client Context › Session Management › should remember login state after page refresh" classname="auth.test.ts" time="2.237">
</testcase>
</testsuite>
</testsuites>